I'm sorry, but errors were detected in your script. Please correct the
errors listed below, and try again.


File "game/script.rpy", line 98: reached end of line when expecting ':'.
    if Jihyeon_Introduction_Dialogue = False
                                            ^

Ren'Py Version: Ren'Py 7.1.3.1092
Thu Nov 29 22:16:51 2018
